// Jest Snapshot v1, https://goo.gl/fbAQLP

exports[`Form component component renders correctly 1`] = `
Array [
  <div>
    <input
      name="username"
      onChange={[Function]}
      type="text"
    />
    <input
      name="password"
      onChange={[Function]}
      type="password"
    />
    <button
      name="login-button"
      onClick={[Function]}
    >
      Login
    </button>
  </div>,
]
`;
